// Jest Snapshot v1, https://goo.gl/fbAQLP

exports[`<LogInScreen /> creates a screenshot 1`] = `<ExponentAppLoading />`;
