// Jest Snapshot v1, https://goo.gl/fbAQLP

exports[`<PhotosScreen /> creates a screenshot 1`] = `
<View
  style={
    Object {
      "backgroundColor": "#000",
      "flex": 1,
    }
  }
>
  <View
    style={
      Object {
        "alignItems": "center",
        "flex": 1,
        "justifyContent": "center",
        "padding": 10,
      }
    }
  >
    <Text
      accessible={true}
      allowFontScaling={true}
      ellipsizeMode="tail"
      style={
        Object {
          "color": "white",
        }
      }
    >
      Camera permissions not granted - cannot open camera preview.
    </Text>
  </View>
</View>
`;
